1721.1/34898
1721.1/34962
1721.1/35257
1721.1/35806
1721.1/35847
1721.1/35848
1721.1/35853
1721.1/36378
1721.1/36385
1721.1/36386
1721.1/36832
1721.1/36877
1721.1/36884
1721.1/36896
1721.1/37146
1721.1/39645
1721.1/45531
1721.1/45583
1721.1/45585
1721.1/60691
1721.1/68163
1721.1/68647
1721.1/71858
1721.1/71859
1721.1/71860
1721.1/79633
1721.1/79634
1721.1/85861
1721.1/86011
1721.1/91482
1721.1/100855
1721.1/103819
1721.1/35740
1721.1/35787
1721.1/36377
1721.1/37327
1721.1/45576
1721.1/49863
1721.1/55806
1721.1/60879
1721.1/60880
1721.1/75796
1721.1/75797
1721.1/75823
1721.1/77983
1721.1/84050
1721.1/90867
1721.1/90870
1721.1/90871
1721.1/91483
1721.1/97002
1721.1/97384
1721.1/97469
1721.1/34930
1721.1/35254
1721.1/35721
1721.1/35892
1721.1/37149
1721.1/37328
1721.1/39422
1721.1/39641
1721.1/41880
1721.1/41881
1721.1/45529
1721.1/46356
1721.1/46358
1721.1/46359
1721.1/46738
1721.1/47287
1721.1/53413
1721.1/55804
1721.1/55812
1721.1/65072
1721.1/67288
1721.1/67470
1721.1/73638
1721.1/76769
1721.1/77984
1721.1/85613
1721.1/90371
1721.1/90859
1721.1/101678
1721.1/37297
1721.1/37298
1721.1/41882
1721.1/34966
1721.1/35718
1721.1/44634
1721.1/53708
1721.1/67471
1721.1/70522
1721.1/86886
1721.1/90866
1721.1/96935
1721.1/96949
1721.1/100966
1721.1/103790
1721.1/36364
1721.1/36852
1721.1/36853
1721.1/36854
1721.1/36855
1721.1/36856
1721.1/36857
1721.1/36858
1721.1/36860
1721.1/36862
1721.1/36863
1721.1/36864
1721.1/36882
1721.1/36883
1721.1/36885
1721.1/36892
1721.1/34903
1721.1/34904
1721.1/34950
1721.1/34953
1721.1/35713
1721.1/35842
1721.1/35841
1721.1/35844
1721.1/45544
1721.1/46345
1721.1/49423
1721.1/66488
1721.1/77248
1721.1/90375
1721.1/97101
1721.1/103817
1721.1/35267
1721.1/35734
1721.1/35735
1721.1/35741
1721.1/35742
1721.1/35764
1721.1/35791
1721.1/35838
1721.1/35840
1721.1/35846
1721.1/35855
1721.1/35845
1721.1/35859
1721.1/35904
1721.1/36327
1721.1/36328
1721.1/36329
1721.1/36338
1721.1/36339
1721.1/36352
1721.1/41866
1721.1/45133
1721.1/45572
1721.1/45580
1721.1/49421
1721.1/49533
1721.1/76770
1721.1/82038
1721.1/83159
1721.1/89824
1721.1/90376
1721.1/90858
1721.1/91561
1721.1/97100
1721.1/34905
1721.1/34965
1721.1/35256
1721.1/35788
1721.1/50265
1721.1/73637
1721.1/74612
1721.1/74613
1721.1/74614
1721.1/74615
1721.1/74616
1721.1/74617
1721.1/80263
1721.1/85561
1721.1/85562
1721.1/100188
1721.1/36332
1721.1/36336
1721.1/41883
1721.1/41884
1721.1/45100
1721.1/45528
1721.1/45547
1721.1/45545
1721.1/45546
1721.1/45590
1721.1/47293
1721.1/49430
1721.1/50266
1721.1/55905
1721.1/56563
1721.1/75804
1721.1/79705
1721.1/35716
1721.1/35719
1721.1/35749
1721.1/35851
1721.1/36357
1721.1/36380
1721.1/36392
1721.1/36866
1721.1/36893
1721.1/36888
1721.1/36891
1721.1/37147
1721.1/39134
1721.1/39135
1721.1/39137
1721.1/39816
1721.1/39819
1721.1/41865
1721.1/41935
1721.1/41943
1721.1/45592
1721.1/45596
1721.1/46355
1721.1/47289
1721.1/47291
1721.1/47292
1721.1/48981
1721.1/49429
1721.1/52323
1721.1/53709
1721.1/53735
1721.1/53737
1721.1/55807
1721.1/55899
1721.1/55906
1721.1/65385
1721.1/67289
1721.1/71720
1721.1/73639
1721.1/73640
1721.1/73641
1721.1/73642
1721.1/73643
1721.1/73644
1721.1/73645
1721.1/73646
1721.1/73647
1721.1/74140
1721.1/74141
1721.1/75001
1721.1/77246
1721.1/77247
1721.1/80702
1721.1/86217
1721.1/91481
1721.1/93879
1721.1/34937
1721.1/45542
1721.1/78857
1721.1/80318
1721.1/90957
1721.1/97524
1721.1/100850
1721.1/100857
1721.1/100858
1721.1/100965
1721.1/101036
1721.1/101223
1721.1/102415
1721.1/103791
1721.1/34873
1721.1/34941
1721.1/35789
1721.1/36358
1721.1/36359
1721.1/36361
1721.1/36374
1721.1/36830
1721.1/36836
1721.1/36875
1721.1/36887
1721.1/37290
1721.1/37299
1721.1/38872
1721.1/38876
1721.1/38877
1721.1/39644
1721.1/39820
1721.1/41054
1721.1/41055
1721.1/45541
1721.1/45555
1721.1/45558
1721.1/45593
1721.1/46321
1721.1/46336
1721.1/46360
1721.1/46739
1721.1/47286
1721.1/47288
1721.1/49517
1721.1/52321
1721.1/53710
1721.1/56576
1721.1/60878
1721.1/75285
1721.1/75792
1721.1/75793
1721.1/75794
1721.1/75795
1721.1/75798
1721.1/75799
1721.1/75800
1721.1/75801
1721.1/75802
1721.1/75803
1721.1/75805
1721.1/75806
1721.1/75807
1721.1/75808
1721.1/75809
1721.1/75810
1721.1/75811
1721.1/75812
1721.1/75826
1721.1/82646
1721.1/84612
1721.1/86310
1721.1/90860
1721.1/96863
1721.1/99739
1721.1/100856
1721.1/34872
1721.1/34889
1721.1/34896
1721.1/34963
1721.1/35264
1721.1/35266
1721.1/35270
1721.1/35738
1721.1/35792
1721.1/35805
1721.1/35856
1721.1/36330
1721.1/36389
1721.1/39643
1721.1/39817
1721.1/39818
1721.1/41869
1721.1/41870
1721.1/44635
1721.1/45525
1721.1/45577
1721.1/46343
1721.1/46344
1721.1/46357
1721.1/49516
1721.1/49828
1721.1/52815
1721.1/52820
1721.1/55809
1721.1/55810
1721.1/60693
1721.1/62222
1721.1/65643
1721.1/66920
1721.1/66926
1721.1/69616
1721.1/69617
1721.1/69618
1721.1/69619
1721.1/71009
1721.1/71010
1721.1/76256
1721.1/77095
1721.1/77982
1721.1/77985
1721.1/80316
1721.1/80317
1721.1/84479
1721.1/86309
1721.1/90861
1721.1/90862
1721.1/90863
1721.1/91563
1721.1/99212
1721.1/99213
1721.1/99934
1721.1/100854
1721.1/102895
1721.1/35265
1721.1/35275
1721.1/35720
1721.1/35722
1721.1/35786
1721.1/35799
1721.1/35804
1721.1/35849
1721.1/35852
1721.1/35860
1721.1/36373
1721.1/36379
1721.1/36383
1721.1/36405
1721.1/36834
1721.1/36844
1721.1/36845
1721.1/36847
1721.1/36861
1721.1/36867
1721.1/36868
1721.1/36872
1721.1/36881
1721.1/36897
1721.1/37150
1721.1/37300
1721.1/37331
1721.1/37330
1721.1/39129
1721.1/39661
1721.1/39663
1721.1/41941
1721.1/45134
1721.1/45135
1721.1/45556
1721.1/45581
1721.1/45591
1721.1/45597
1721.1/46320
1721.1/46330
1721.1/46331
1721.1/46341
1721.1/46352
1721.1/49420
1721.1/49422
1721.1/49431
1721.1/49509
1721.1/50241
1721.1/55901
1721.1/55907
1721.1/60694
1721.1/60965
1721.1/61661
1721.1/65193
1721.1/66486
1721.1/67469
1721.1/67870
1721.1/67871
1721.1/68648
1721.1/68649
1721.1/70477
1721.1/70523
1721.1/70858
1721.1/71171
1721.1/71719
1721.1/74125
1721.1/74611
1721.1/75002
1721.1/75282
1721.1/75283
1721.1/75284
1721.1/75286
1721.1/75287
1721.1/75813
1721.1/75824
1721.1/76254
1721.1/77902
1721.1/78251
1721.1/85612
1721.1/86191
1721.1/89823
1721.1/90370
1721.1/91676
1721.1/92292
1721.1/101677
1721.1/103560
1721.1/104426
1721.1/104427
1721.1/34891
1721.1/35862
1721.1/36886
1721.1/68164
1721.1/68165
1721.1/74126
1721.1/75814
1721.1/91160
1721.1/97714
1721.1/85859
1721.1/91161
1721.1/55808
1721.1/34932
1721.1/35898
1721.1/36331
1721.1/36335
1721.1/36337
1721.1/36354
1721.1/36356
1721.1/36366
1721.1/36376
1721.1/36384
1721.1/36828
1721.1/36833
1721.1/36848
1721.1/36878
1721.1/36894
1721.1/37592
1721.1/38873
1721.1/38874
1721.1/38875
1721.1/44636
1721.1/46346
1721.1/49513
1721.1/65644
1721.1/74135
1721.1/80320
1721.1/80321
1721.1/84661
1721.1/86218
1721.1/90868
1721.1/92399
1721.1/92921
1721.1/95835
1721.1/96866
1721.1/99211
1721.1/99899
1721.1/100158
1721.1/101749
1721.1/102064
1721.1/103558
1721.1/103637
1721.1/35747
1721.1/35798
1721.1/35905
1721.1/35917
1721.1/36388
1721.1/36406
1721.1/41934
1721.1/45560
1721.1/51692
1721.1/60695
1721.1/77096
1721.1/81298
1721.1/34890
1721.1/34931
1721.1/34936
1721.1/34946
1721.1/35843
1721.1/35854
1721.1/35893
1721.1/40806
1721.1/45101
1721.1/46340
1721.1/65386
1721.1/66923
1721.1/66924
1721.1/69621
1721.1/69622
1721.1/71717
1721.1/71718
1721.1/74127
1721.1/74128
1721.1/77167
1721.1/79404
1721.1/90869
1721.1/97181
1721.1/97182
1721.1/102371
1721.1/104788
1721.1/34886
1721.1/34887
1721.1/34900
1721.1/34949
1721.1/35272
1721.1/35895
1721.1/35900
1721.1/35907
1721.1/36355
1721.1/36365
1721.1/41937
1721.1/41942
1721.1/45584
1721.1/49864
1721.1/52817
1721.1/55902
1721.1/74138
1721.1/76255
1721.1/78252
1721.1/80262
1721.1/82631
1721.1/89822
1721.1/90956
1721.1/97054
1721.1/97523
1721.1/98265
1721.1/98368
1721.1/100157
1721.1/34902
1721.1/34948
1721.1/34961
1721.1/39425
1721.1/45538
1721.1/45539
1721.1/45557
1721.1/47290
1721.1/49514
1721.1/49811
1721.1/52322
1721.1/60966
1721.1/65089
1721.1/71173
1721.1/82537
1721.1/97383
1721.1/97468
1721.1/102063
1721.1/103561
1721.1/103562
1721.1/34938
1721.1/35710
1721.1/35711
1721.1/35739
1721.1/35800
1721.1/35863
1721.1/35906
1721.1/36825
1721.1/36851
1721.1/39821
1721.1/41885
1721.1/41886
1721.1/46319
1721.1/46339
1721.1/46742
1721.1/60967
1721.1/61399
1721.1/61400
1721.1/85063
1721.1/34883
1721.1/34888
1721.1/34901
1721.1/35273
1721.1/35712
1721.1/35746
1721.1/35774
1721.1/35861
1721.1/35896
1721.1/35916
1721.1/36375
1721.1/36869
1721.1/36871
1721.1/36890
1721.1/36900
1721.1/37289
1721.1/37301
1721.1/37302
1721.1/37329
1721.1/39660
1721.1/39664
1721.1/45131
1721.1/45132
1721.1/45136
1721.1/45575
1721.1/45579
1721.1/45587
1721.1/45589
1721.1/46740
1721.1/49419
1721.1/49508
1721.1/49826
1721.1/49827
1721.1/52320
1721.1/55903
1721.1/55908
1721.1/56302
1721.1/66918
1721.1/66919
1721.1/70961
1721.1/74129
1721.1/74130
1721.1/74131
1721.1/74132
1721.1/74133
1721.1/74139
1721.1/76253
1721.1/76713
1721.1/76771
1721.1/78574
1721.1/84613
1721.1/91562
1721.1/96772
1721.1/96864
1721.1/96865
1721.1/97467
1721.1/97521
1721.1/97715
1721.1/97754
1721.1/98262
1721.1/100851
1721.1/100853
1721.1/101676
1721.1/101679
1721.1/103814
1721.1/34947
1721.1/34967
1721.1/35715
1721.1/35723
1721.1/35785
1721.1/35795
1721.1/36391
1721.1/36842
1721.1/36846
1721.1/39140
1721.1/39423
1721.1/39424
1721.1/39815
1721.1/49829
1721.1/56566
1721.1/66487
1721.1/67658
1721.1/69992
1721.1/74134
1721.1/74137
1721.1/74610
1721.1/74618
1721.1/75825
1721.1/77604
1721.1/80350
1721.1/85860
1721.1/92922
1721.1/97052
1721.1/97053
1721.1/97185
1721.1/97753
1721.1/100852
1721.1/49510
1721.1/49531
1721.1/49532
1721.1/55904
1721.1/69822
1721.1/69823
1721.1/69824
1721.1/82648
1721.1/103559
1721.1/36404
1721.1/44633
1721.1/45543
1721.1/45570
1721.1/49865
1721.1/92920
1721.1/35717
1721.1/35737
1721.1/35790
1721.1/36827
1721.1/39127
1721.1/39132
1721.1/39136
1721.1/39662
1721.1/44637
1721.1/45527
1721.1/45530
1721.1/45533
1721.1/71172
1721.1/71263
1721.1/74136
1721.1/76711
1721.1/76712
1721.1/78915
1721.1/102697
1721.1/104092
1721.1/35260
1721.1/35268
1721.1/35850
1721.1/35894
1721.1/35901
1721.1/35903
1721.1/36351
1721.1/36360
1721.1/36363
1721.1/36831
1721.1/36835
1721.1/36837
1721.1/36843
1721.1/36874
1721.1/36876
1721.1/36895
1721.1/36898
1721.1/36899
1721.1/34688
1721.1/34884
1721.1/34906
1721.1/34939
1721.1/35262
1721.1/35269
1721.1/35745
1721.1/35794
1721.1/35801
1721.1/35802
1721.1/35857
1721.1/35897
1721.1/35899
1721.1/35902
1721.1/36382
1721.1/36390
1721.1/36838
1721.1/36859
1721.1/36873
1721.1/39131
1721.1/39665
1721.1/41933
1721.1/41936
1721.1/45582
1721.1/45586
1721.1/45594
1721.1/46318
1721.1/46736
1721.1/49534
1721.1/53412
1721.1/53414
1721.1/80319
1721.1/83844
1721.1/88256
1721.1/90372
1721.1/90373
1721.1/90374
1721.1/92524
1721.1/92525
1721.1/97184
1721.1/97385
1721.1/34871
1721.1/34897
1721.1/34933
1721.1/35253
1721.1/35255
1721.1/35263
1721.1/35773
1721.1/35797
1721.1/35803
1721.1/35839
1721.1/39133
1721.1/39421
1721.1/46348
1721.1/52819
1721.1/65070
1721.1/67024
1721.1/69615
1721.1/71011
1721.1/71203
1721.1/77168
1721.1/82645
1721.1/84611
1721.1/86351
1721.1/90865
1721.1/96950
1721.1/97522
1721.1/97755
1721.1/103096
1721.1/34885
1721.1/34940
1721.1/45559
1721.1/45595
1721.1/49529
1721.1/49530
1721.1/52818
1721.1/55811
1721.1/65347
1721.1/103818
1721.1/35259
1721.1/35274
1721.1/35743
1721.1/35748
1721.1/35783
1721.1/35793
1721.1/35796
1721.1/36353
1721.1/36362
1721.1/36826
1721.1/36889
1721.1/39130
1721.1/41056
1721.1/41057
1721.1/44639
1721.1/44638
1721.1/45571
1721.1/45578
1721.1/46326
1721.1/46354
1721.1/46692
1721.1/53739
1721.1/55805
1721.1/60692
1721.1/65071
1721.1/66489
1721.1/66922
1721.1/66925
1721.1/67025
1721.1/68674
1721.1/71132
1721.1/72947
1721.1/74609
1721.1/78250
1721.1/79632
1721.1/82538
1721.1/84610
1721.1/86311
1721.1/90864
1721.1/91162
1721.1/97001
1721.1/99935
1721.1/103557
1721.1/103638
1721.1/104055
1721.1/104428
1721.1/104787
1721.1/37148
1721.1/39128
1721.1/40805
1721.1/45526
1721.1/45534
1721.1/45535
1721.1/46342
1721.1/49812
1721.1/52816
1721.1/53736
1721.1/66490
1721.1/66921
1721.1/76772
1721.1/82647
1721.1/90872
1721.1/92400
1721.1/96948
1721.1/98264
1721.1/79879
1721.1/79880
1721.1/103815
1721.1/103816
1721.1/34934
1721.1/34951
1721.1/34952
1721.1/35261
1721.1/35271
1721.1/35714
1721.1/35744
1721.1/35858
1721.1/35908
1721.1/36333
1721.1/36334
1721.1/36387
1721.1/36403
1721.1/36824
1721.1/36849
1721.1/39139
1721.1/39642
1721.1/45540
1721.1/45574
1721.1/45588
1721.1/53738
1721.1/55900
1721.1/65069
1721.1/65087
1721.1/65088
1721.1/69620
1721.1/78914
1721.1/91564
1721.1/97183
1721.1/103792
1721.1/98263
1721.1/104934
1721.1/34882
1721.1/34935
1721.1/35736
1721.1/39138
1721.1/45573
1721.1/46347
1721.1/46741
1721.1/51693
1721.1/65348
1721.1/69821
1721.1/77981
